C:/Users/sztaj/STM32CubeIDE/workspace_1.14.0/testy/mylibs/hcsr04_handler.c:8:6:hcsr04_init	8	static
C:/Users/sztaj/STM32CubeIDE/workspace_1.14.0/testy/mylibs/hcsr04_handler.c:17:6:hcsr04_mesurment	16	static
C:/Users/sztaj/STM32CubeIDE/workspace_1.14.0/testy/mylibs/hcsr04_handler.c:27:6:hcrs04_exit	4	static
../Core/Src/main.c:60:5:__io_putchar	16	static
../Core/Src/main.c:74:5:main	8	static
../Core/Src/main.c:124:6:SystemClock_Config	96	static
../Core/Src/main.c:177:6:Error_Handler	4	static,ignoring_inline_asm
